
> frontend@0.0.0 build
> vite build

[36mvite v5.4.21 [32mbuilding for production...[36m[39m
transforming...
[32m??[39m 10 modules transformed.
node.exe : [31mx[39m
 Build failed in 254ms
位於 C:\Program Files\no
dejs\npm.ps1:29 字元:3
+   & $NODE_EXE $NPM_C
LI_JS $args
+   ~~~~~~~~~~~~~~~~~~
~~~~~~~~~~~
    + CategoryInfo    
          : NotSpeci  
  fied: ([31mx[39   
 m Build failed in    
 254ms:String) []    ,
 RemoteException
    + FullyQualifiedE 
   rrorId : NativeCo  
  mmandError
 
[31merror during buil
d:
[31m[vite:vue] [vue/c
ompiler-sfc] Unexpecte
d token (26:0)

D:/00-Desktop/瘣曉??桐?鈭箏
蝞∠?/frontend/src/view
s/AdminDashboard.vue
23 |    currentTab.val
ue = tab
24 |    if (tab === 'p
ersonnel') fetchPerson
nel()
25 |    if (tab === 'k
iosk') fetchKioskDevic
es()
   |                  
                      
      ^
26 |  }
   |  ^
27 |  [31m
file: [36mD:/00-Deskt
op/瘣曉??桐?鈭箏蝞∠?/fronte
nd/src/views/AdminDash
board.vue:26:0[31m
    at constructor (D:
\00-Desktop\瘣曉??桐?鈭箏蝞
∠?\frontend\node_modul
es\@babel\parser\lib\i
ndex.js:367:19)
    at TypeScriptParse
rMixin.raise (D:\00-De
sktop\瘣曉??桐?鈭箏蝞∠?\fro
ntend\node_modules\@ba
bel\parser\lib\index.j
s:6624:19)
    at TypeScriptParse
rMixin.unexpected (D:\
00-Desktop\瘣曉??桐?鈭箏蝞∠
?\frontend\node_module
s\@babel\parser\lib\in
dex.js:6644:16)
    at TypeScriptParse
rMixin.parseExprAtom (
D:\00-Desktop\瘣曉??桐?鈭箏
蝞∠?\frontend\node_mod
ules\@babel\parser\lib
\index.js:11508:22)
    at TypeScriptParse
rMixin.parseExprSubscr
ipts (D:\00-Desktop\瘣曉
??桐?鈭箏蝞∠?\frontend\no
de_modules\@babel\pars
er\lib\index.js:11145:
23)
    at TypeScriptParse
rMixin.parseUpdate (D:
\00-Desktop\瘣曉??桐?鈭箏蝞
∠?\frontend\node_modul
es\@babel\parser\lib\i
ndex.js:11130:21)
    at TypeScriptParse
rMixin.parseMaybeUnary
 (D:\00-Desktop\瘣曉??桐?
鈭箏蝞∠?\frontend\node_m
odules\@babel\parser\l
ib\index.js:11110:23)
    at TypeScriptParse
rMixin.parseMaybeUnary
 (D:\00-Desktop\瘣曉??桐?
鈭箏蝞∠?\frontend\node_m
odules\@babel\parser\l
ib\index.js:9890:18)
    at TypeScriptParse
rMixin.parseMaybeUnary
OrPrivate (D:\00-Deskt
op\瘣曉??桐?鈭箏蝞∠?\fronte
nd\node_modules\@babel
\parser\lib\index.js:1
0963:61)
    at TypeScriptParse
rMixin.parseExprOps (D
:\00-Desktop\瘣曉??桐?鈭箏
蝞∠?\frontend\node_modu
les\@babel\parser\lib\
index.js:10968:23)[39
m
